// Jest Snapshot v1, https://goo.gl/fbAQLP

exports[`<Main probando los datos que vienen de la api 1`] = `Promise {}`;
